<?xml version="1.0" encoding="UTF-8"?>
<testsuites>
  <testsuite name="/home/nicolas/maison-de-lepouvante/back/phpunit.dist.xml" tests="184" assertions="359" errors="0" failures="0" skipped="7" time="8.027017">
    <testsuite name="Project Test Suite" tests="184" assertions="359" errors="0" failures="0" skipped="7" time="8.027017">
      <testsuite name="App\Tests\Controller\AuthControllerTest" file="/home/nicolas/maison-de-lepouvante/back/tests/Controller/AuthControllerTest.php" tests="2" assertions="2" errors="0" failures="0" skipped="0" time="0.060103">
        <testcase name="testCreateUser" file="/home/nicolas/maison-de-lepouvante/back/tests/Controller/AuthControllerTest.php" line="9" class="App\Tests\Controller\AuthControllerTest" classname="App.Tests.Controller.AuthControllerTest" assertions="1" time="0.052285"/>
        <testcase name="testLoginWithoutVerification" file="/home/nicolas/maison-de-lepouvante/back/tests/Controller/AuthControllerTest.php" line="25" class="App\Tests\Controller\AuthControllerTest" classname="App.Tests.Controller.AuthControllerTest" assertions="1" time="0.007818"/>
      </testsuite>
      <testsuite name="App\Tests\Controller\DigitalContentControllerTest" file="/home/nicolas/maison-de-lepouvante/back/tests/Controller/DigitalContentControllerTest.php" tests="5" assertions="5" errors="0" failures="0" skipped="0" time="0.145410">
        <testcase name="testDigitalContentEntityExists" file="/home/nicolas/maison-de-lepouvante/back/tests/Controller/DigitalContentControllerTest.php" line="9" class="App\Tests\Controller\DigitalContentControllerTest" classname="App.Tests.Controller.DigitalContentControllerTest" assertions="1" time="0.000364"/>
        <testcase name="testCreateDigitalContentUnauthorized" file="/home/nicolas/maison-de-lepouvante/back/tests/Controller/DigitalContentControllerTest.php" line="15" class="App\Tests\Controller\DigitalContentControllerTest" classname="App.Tests.Controller.DigitalContentControllerTest" assertions="1" time="0.001481"/>
        <testcase name="testCreateDigitalContentAsAuthenticatedUser" file="/home/nicolas/maison-de-lepouvante/back/tests/Controller/DigitalContentControllerTest.php" line="31" class="App\Tests\Controller\DigitalContentControllerTest" classname="App.Tests.Controller.DigitalContentControllerTest" assertions="1" time="0.058171"/>
        <testcase name="testUpdateDigitalContentAsAuthenticatedUser" file="/home/nicolas/maison-de-lepouvante/back/tests/Controller/DigitalContentControllerTest.php" line="50" class="App\Tests\Controller\DigitalContentControllerTest" classname="App.Tests.Controller.DigitalContentControllerTest" assertions="1" time="0.040367"/>
        <testcase name="testDeleteDigitalContentAsAuthenticatedUser" file="/home/nicolas/maison-de-lepouvante/back/tests/Controller/DigitalContentControllerTest.php" line="66" class="App\Tests\Controller\DigitalContentControllerTest" classname="App.Tests.Controller.DigitalContentControllerTest" assertions="1" time="0.045027"/>
      </testsuite>
      <testsuite name="App\Tests\Controller\HealthCheckControllerTest" file="/home/nicolas/maison-de-lepouvante/back/tests/Controller/HealthCheckControllerTest.php" tests="2" assertions="20" errors="0" failures="0" skipped="0" time="0.003546">
        <testcase name="testHealthCheck" file="/home/nicolas/maison-de-lepouvante/back/tests/Controller/HealthCheckControllerTest.php" line="9" class="App\Tests\Controller\HealthCheckControllerTest" classname="App.Tests.Controller.HealthCheckControllerTest" assertions="9" time="0.002150"/>
        <testcase name="testInstallCheck" file="/home/nicolas/maison-de-lepouvante/back/tests/Controller/HealthCheckControllerTest.php" line="30" class="App\Tests\Controller\HealthCheckControllerTest" classname="App.Tests.Controller.HealthCheckControllerTest" assertions="11" time="0.001396"/>
      </testsuite>
      <testsuite name="App\Tests\Controller\SubscriptionControllerTest" file="/home/nicolas/maison-de-lepouvante/back/tests/Controller/SubscriptionControllerTest.php" tests="7" assertions="9" errors="0" failures="0" skipped="0" time="0.137988">
        <testcase name="testSubscriptionEntityExists" file="/home/nicolas/maison-de-lepouvante/back/tests/Controller/SubscriptionControllerTest.php" line="9" class="App\Tests\Controller\SubscriptionControllerTest" classname="App.Tests.Controller.SubscriptionControllerTest" assertions="1" time="0.000120"/>
        <testcase name="testGetSubscriptionsUnauthorized" file="/home/nicolas/maison-de-lepouvante/back/tests/Controller/SubscriptionControllerTest.php" line="15" class="App\Tests\Controller\SubscriptionControllerTest" classname="App.Tests.Controller.SubscriptionControllerTest" assertions="1" time="0.001337"/>
        <testcase name="testGetSubscriptionsAsAuthenticatedUser" file="/home/nicolas/maison-de-lepouvante/back/tests/Controller/SubscriptionControllerTest.php" line="27" class="App\Tests\Controller\SubscriptionControllerTest" classname="App.Tests.Controller.SubscriptionControllerTest" assertions="3" time="0.053885"/>
        <testcase name="testCreateSubscriptionUnauthorized" file="/home/nicolas/maison-de-lepouvante/back/tests/Controller/SubscriptionControllerTest.php" line="44" class="App\Tests\Controller\SubscriptionControllerTest" classname="App.Tests.Controller.SubscriptionControllerTest" assertions="1" time="0.000941"/>
        <testcase name="testCreateSubscriptionAsAuthenticatedUser" file="/home/nicolas/maison-de-lepouvante/back/tests/Controller/SubscriptionControllerTest.php" line="58" class="App\Tests\Controller\SubscriptionControllerTest" classname="App.Tests.Controller.SubscriptionControllerTest" assertions="1" time="0.040287"/>
        <testcase name="testCancelSubscriptionUnauthorized" file="/home/nicolas/maison-de-lepouvante/back/tests/Controller/SubscriptionControllerTest.php" line="74" class="App\Tests\Controller\SubscriptionControllerTest" classname="App.Tests.Controller.SubscriptionControllerTest" assertions="1" time="0.000564"/>
        <testcase name="testCancelSubscriptionAsAuthenticatedUser" file="/home/nicolas/maison-de-lepouvante/back/tests/Controller/SubscriptionControllerTest.php" line="86" class="App\Tests\Controller\SubscriptionControllerTest" classname="App.Tests.Controller.SubscriptionControllerTest" assertions="1" time="0.040855"/>
      </testsuite>
      <testsuite name="App\Tests\Controller\UserControllerTest" file="/home/nicolas/maison-de-lepouvante/back/tests/Controller/UserControllerTest.php" tests="7" assertions="15" errors="0" failures="0" skipped="0" time="0.109520">
        <testcase name="testCreateUser" file="/home/nicolas/maison-de-lepouvante/back/tests/Controller/UserControllerTest.php" line="9" class="App\Tests\Controller\UserControllerTest" classname="App.Tests.Controller.UserControllerTest" assertions="4" time="0.023451"/>
        <testcase name="testCreateUserWithInvalidEmail" file="/home/nicolas/maison-de-lepouvante/back/tests/Controller/UserControllerTest.php" line="31" class="App\Tests\Controller\UserControllerTest" classname="App.Tests.Controller.UserControllerTest" assertions="1" time="0.003348"/>
        <testcase name="testCreateUserWithShortPassword" file="/home/nicolas/maison-de-lepouvante/back/tests/Controller/UserControllerTest.php" line="46" class="App\Tests\Controller\UserControllerTest" classname="App.Tests.Controller.UserControllerTest" assertions="1" time="0.023250"/>
        <testcase name="testCreateUserWithWeakPassword" file="/home/nicolas/maison-de-lepouvante/back/tests/Controller/UserControllerTest.php" line="63" class="App\Tests\Controller\UserControllerTest" classname="App.Tests.Controller.UserControllerTest" assertions="1" time="0.018803"/>
        <testcase name="testCreateUserWithDuplicateEmail" file="/home/nicolas/maison-de-lepouvante/back/tests/Controller/UserControllerTest.php" line="80" class="App\Tests\Controller\UserControllerTest" classname="App.Tests.Controller.UserControllerTest" assertions="2" time="0.020368"/>
        <testcase name="testCreateUserWithMissingFields" file="/home/nicolas/maison-de-lepouvante/back/tests/Controller/UserControllerTest.php" line="110" class="App\Tests\Controller\UserControllerTest" classname="App.Tests.Controller.UserControllerTest" assertions="1" time="0.001696"/>
        <testcase name="testCreateUserReturnsCorrectStructure" file="/home/nicolas/maison-de-lepouvante/back/tests/Controller/UserControllerTest.php" line="126" class="App\Tests\Controller\UserControllerTest" classname="App.Tests.Controller.UserControllerTest" assertions="5" time="0.018604"/>
      </testsuite>
      <testsuite name="App\Tests\Ecommerce\Controller\CategoryControllerTest" file="/home/nicolas/maison-de-lepouvante/back/tests/Ecommerce/Controller/CategoryControllerTest.php" tests="10" assertions="16" errors="0" failures="0" skipped="0" time="0.173944">
        <testcase name="testGetCategories" file="/home/nicolas/maison-de-lepouvante/back/tests/Ecommerce/Controller/CategoryControllerTest.php" line="9" class="App\Tests\Ecommerce\Controller\CategoryControllerTest" classname="App.Tests.Ecommerce.Controller.CategoryControllerTest" assertions="5" time="0.002144"/>
        <testcase name="testGetCategoriesPagination" file="/home/nicolas/maison-de-lepouvante/back/tests/Ecommerce/Controller/CategoryControllerTest.php" line="26" class="App\Tests\Ecommerce\Controller\CategoryControllerTest" classname="App.Tests.Ecommerce.Controller.CategoryControllerTest" assertions="3" time="0.001500"/>
        <testcase name="testGetCategoryById" file="/home/nicolas/maison-de-lepouvante/back/tests/Ecommerce/Controller/CategoryControllerTest.php" line="41" class="App\Tests\Ecommerce\Controller\CategoryControllerTest" classname="App.Tests.Ecommerce.Controller.CategoryControllerTest" assertions="1" time="0.001038"/>
        <testcase name="testGetNonExistentCategory" file="/home/nicolas/maison-de-lepouvante/back/tests/Ecommerce/Controller/CategoryControllerTest.php" line="61" class="App\Tests\Ecommerce\Controller\CategoryControllerTest" classname="App.Tests.Ecommerce.Controller.CategoryControllerTest" assertions="1" time="0.000849"/>
        <testcase name="testCreateCategoryUnauthorized" file="/home/nicolas/maison-de-lepouvante/back/tests/Ecommerce/Controller/CategoryControllerTest.php" line="72" class="App\Tests\Ecommerce\Controller\CategoryControllerTest" classname="App.Tests.Ecommerce.Controller.CategoryControllerTest" assertions="1" time="0.000741"/>
        <testcase name="testUpdateCategoryUnauthorized" file="/home/nicolas/maison-de-lepouvante/back/tests/Ecommerce/Controller/CategoryControllerTest.php" line="87" class="App\Tests\Ecommerce\Controller\CategoryControllerTest" classname="App.Tests.Ecommerce.Controller.CategoryControllerTest" assertions="1" time="0.000709"/>
        <testcase name="testDeleteCategoryUnauthorized" file="/home/nicolas/maison-de-lepouvante/back/tests/Ecommerce/Controller/CategoryControllerTest.php" line="100" class="App\Tests\Ecommerce\Controller\CategoryControllerTest" classname="App.Tests.Ecommerce.Controller.CategoryControllerTest" assertions="1" time="0.003243"/>
        <testcase name="testCreateCategoryAsAuthenticatedUser" file="/home/nicolas/maison-de-lepouvante/back/tests/Ecommerce/Controller/CategoryControllerTest.php" line="111" class="App\Tests\Ecommerce\Controller\CategoryControllerTest" classname="App.Tests.Ecommerce.Controller.CategoryControllerTest" assertions="1" time="0.056774"/>
        <testcase name="testUpdateCategoryAsAuthenticatedUser" file="/home/nicolas/maison-de-lepouvante/back/tests/Ecommerce/Controller/CategoryControllerTest.php" line="129" class="App\Tests\Ecommerce\Controller\CategoryControllerTest" classname="App.Tests.Ecommerce.Controller.CategoryControllerTest" assertions="1" time="0.053262"/>
        <testcase name="testDeleteCategoryAsAuthenticatedUser" file="/home/nicolas/maison-de-lepouvante/back/tests/Ecommerce/Controller/CategoryControllerTest.php" line="145" class="App\Tests\Ecommerce\Controller\CategoryControllerTest" classname="App.Tests.Ecommerce.Controller.CategoryControllerTest" assertions="1" time="0.053683"/>
      </testsuite>
      <testsuite name="App\Tests\Ecommerce\Controller\OrderControllerTest" file="/home/nicolas/maison-de-lepouvante/back/tests/Ecommerce/Controller/OrderControllerTest.php" tests="9" assertions="11" errors="0" failures="0" skipped="0" time="0.174574">
        <testcase name="testGetOrdersUnauthorized" file="/home/nicolas/maison-de-lepouvante/back/tests/Ecommerce/Controller/OrderControllerTest.php" line="9" class="App\Tests\Ecommerce\Controller\OrderControllerTest" classname="App.Tests.Ecommerce.Controller.OrderControllerTest" assertions="1" time="0.000996"/>
        <testcase name="testGetOrderByIdUnauthorized" file="/home/nicolas/maison-de-lepouvante/back/tests/Ecommerce/Controller/OrderControllerTest.php" line="20" class="App\Tests\Ecommerce\Controller\OrderControllerTest" classname="App.Tests.Ecommerce.Controller.OrderControllerTest" assertions="1" time="0.000737"/>
        <testcase name="testCreateOrderUnauthorized" file="/home/nicolas/maison-de-lepouvante/back/tests/Ecommerce/Controller/OrderControllerTest.php" line="31" class="App\Tests\Ecommerce\Controller\OrderControllerTest" classname="App.Tests.Ecommerce.Controller.OrderControllerTest" assertions="1" time="0.000532"/>
        <testcase name="testUpdateOrderUnauthorized" file="/home/nicolas/maison-de-lepouvante/back/tests/Ecommerce/Controller/OrderControllerTest.php" line="53" class="App\Tests\Ecommerce\Controller\OrderControllerTest" classname="App.Tests.Ecommerce.Controller.OrderControllerTest" assertions="1" time="0.000721"/>
        <testcase name="testGetNonExistentOrder" file="/home/nicolas/maison-de-lepouvante/back/tests/Ecommerce/Controller/OrderControllerTest.php" line="66" class="App\Tests\Ecommerce\Controller\OrderControllerTest" classname="App.Tests.Ecommerce.Controller.OrderControllerTest" assertions="1" time="0.000544"/>
        <testcase name="testGetOrdersAsAuthenticatedUser" file="/home/nicolas/maison-de-lepouvante/back/tests/Ecommerce/Controller/OrderControllerTest.php" line="77" class="App\Tests\Ecommerce\Controller\OrderControllerTest" classname="App.Tests.Ecommerce.Controller.OrderControllerTest" assertions="3" time="0.042855"/>
        <testcase name="testCreateOrderAsAuthenticatedUser" file="/home/nicolas/maison-de-lepouvante/back/tests/Ecommerce/Controller/OrderControllerTest.php" line="94" class="App\Tests\Ecommerce\Controller\OrderControllerTest" classname="App.Tests.Ecommerce.Controller.OrderControllerTest" assertions="1" time="0.040502"/>
        <testcase name="testUpdateOrderAsAuthenticatedUser" file="/home/nicolas/maison-de-lepouvante/back/tests/Ecommerce/Controller/OrderControllerTest.php" line="118" class="App\Tests\Ecommerce\Controller\OrderControllerTest" classname="App.Tests.Ecommerce.Controller.OrderControllerTest" assertions="1" time="0.042694"/>
        <testcase name="testGetOrderByIdAsAuthenticatedUser" file="/home/nicolas/maison-de-lepouvante/back/tests/Ecommerce/Controller/OrderControllerTest.php" line="134" class="App\Tests\Ecommerce\Controller\OrderControllerTest" classname="App.Tests.Ecommerce.Controller.OrderControllerTest" assertions="1" time="0.044992"/>
      </testsuite>
      <testsuite name="App\Tests\Ecommerce\Controller\ProductControllerTest" file="/home/nicolas/maison-de-lepouvante/back/tests/Ecommerce/Controller/ProductControllerTest.php" tests="15" assertions="23" errors="0" failures="0" skipped="0" time="0.184316">
        <testcase name="testGetProducts" file="/home/nicolas/maison-de-lepouvante/back/tests/Ecommerce/Controller/ProductControllerTest.php" line="9" class="App\Tests\Ecommerce\Controller\ProductControllerTest" classname="App.Tests.Ecommerce.Controller.ProductControllerTest" assertions="5" time="0.001933"/>
        <testcase name="testGetProductsPagination" file="/home/nicolas/maison-de-lepouvante/back/tests/Ecommerce/Controller/ProductControllerTest.php" line="26" class="App\Tests\Ecommerce\Controller\ProductControllerTest" classname="App.Tests.Ecommerce.Controller.ProductControllerTest" assertions="5" time="0.001728"/>
        <testcase name="testGetProductById" file="/home/nicolas/maison-de-lepouvante/back/tests/Ecommerce/Controller/ProductControllerTest.php" line="42" class="App\Tests\Ecommerce\Controller\ProductControllerTest" classname="App.Tests.Ecommerce.Controller.ProductControllerTest" assertions="1" time="0.001105"/>
        <testcase name="testGetProductBySlug" file="/home/nicolas/maison-de-lepouvante/back/tests/Ecommerce/Controller/ProductControllerTest.php" line="63" class="App\Tests\Ecommerce\Controller\ProductControllerTest" classname="App.Tests.Ecommerce.Controller.ProductControllerTest" assertions="1" time="0.000362"/>
        <testcase name="testGetNonExistentProduct" file="/home/nicolas/maison-de-lepouvante/back/tests/Ecommerce/Controller/ProductControllerTest.php" line="81" class="App\Tests\Ecommerce\Controller\ProductControllerTest" classname="App.Tests.Ecommerce.Controller.ProductControllerTest" assertions="1" time="0.000916"/>
        <testcase name="testCreateProductUnauthorized" file="/home/nicolas/maison-de-lepouvante/back/tests/Ecommerce/Controller/ProductControllerTest.php" line="92" class="App\Tests\Ecommerce\Controller\ProductControllerTest" classname="App.Tests.Ecommerce.Controller.ProductControllerTest" assertions="1" time="0.000727"/>
        <testcase name="testUpdateProductUnauthorized" file="/home/nicolas/maison-de-lepouvante/back/tests/Ecommerce/Controller/ProductControllerTest.php" line="108" class="App\Tests\Ecommerce\Controller\ProductControllerTest" classname="App.Tests.Ecommerce.Controller.ProductControllerTest" assertions="1" time="0.000674"/>
        <testcase name="testDeleteProductUnauthorized" file="/home/nicolas/maison-de-lepouvante/back/tests/Ecommerce/Controller/ProductControllerTest.php" line="121" class="App\Tests\Ecommerce\Controller\ProductControllerTest" classname="App.Tests.Ecommerce.Controller.ProductControllerTest" assertions="1" time="0.000513"/>
        <testcase name="testFilterProductsByType" file="/home/nicolas/maison-de-lepouvante/back/tests/Ecommerce/Controller/ProductControllerTest.php" line="132" class="App\Tests\Ecommerce\Controller\ProductControllerTest" classname="App.Tests.Ecommerce.Controller.ProductControllerTest" assertions="1" time="0.001073"/>
        <testcase name="testFilterProductsByActive" file="/home/nicolas/maison-de-lepouvante/back/tests/Ecommerce/Controller/ProductControllerTest.php" line="151" class="App\Tests\Ecommerce\Controller\ProductControllerTest" classname="App.Tests.Ecommerce.Controller.ProductControllerTest" assertions="1" time="0.001097"/>
        <testcase name="testFilterProductsByCategory" file="/home/nicolas/maison-de-lepouvante/back/tests/Ecommerce/Controller/ProductControllerTest.php" line="170" class="App\Tests\Ecommerce\Controller\ProductControllerTest" classname="App.Tests.Ecommerce.Controller.ProductControllerTest" assertions="1" time="0.001106"/>
        <testcase name="testSearchProducts" file="/home/nicolas/maison-de-lepouvante/back/tests/Ecommerce/Controller/ProductControllerTest.php" line="181" class="App\Tests\Ecommerce\Controller\ProductControllerTest" classname="App.Tests.Ecommerce.Controller.ProductControllerTest" assertions="1" time="0.001070"/>
        <testcase name="testCreateProductAsAuthenticatedUser" file="/home/nicolas/maison-de-lepouvante/back/tests/Ecommerce/Controller/ProductControllerTest.php" line="192" class="App\Tests\Ecommerce\Controller\ProductControllerTest" classname="App.Tests.Ecommerce.Controller.ProductControllerTest" assertions="1" time="0.063323"/>
        <testcase name="testUpdateProductAsAuthenticatedUser" file="/home/nicolas/maison-de-lepouvante/back/tests/Ecommerce/Controller/ProductControllerTest.php" line="214" class="App\Tests\Ecommerce\Controller\ProductControllerTest" classname="App.Tests.Ecommerce.Controller.ProductControllerTest" assertions="1" time="0.054671"/>
        <testcase name="testDeleteProductAsAuthenticatedUser" file="/home/nicolas/maison-de-lepouvante/back/tests/Ecommerce/Controller/ProductControllerTest.php" line="231" class="App\Tests\Ecommerce\Controller\ProductControllerTest" classname="App.Tests.Ecommerce.Controller.ProductControllerTest" assertions="1" time="0.054019"/>
      </testsuite>
      <testsuite name="App\Tests\Ecommerce\Entity\CategoryTest" file="/home/nicolas/maison-de-lepouvante/back/tests/Ecommerce/Entity/CategoryTest.php" tests="10" assertions="21" errors="0" failures="0" skipped="0" time="1.017116">
        <testcase name="testNewCategoryHasCorrectDefaults" file="/home/nicolas/maison-de-lepouvante/back/tests/Ecommerce/Entity/CategoryTest.php" line="18" class="App\Tests\Ecommerce\Entity\CategoryTest" classname="App.Tests.Ecommerce.Entity.CategoryTest" assertions="4" time="0.000419"/>
        <testcase name="testSetAndGetName" file="/home/nicolas/maison-de-lepouvante/back/tests/Ecommerce/Entity/CategoryTest.php" line="26" class="App\Tests\Ecommerce\Entity\CategoryTest" classname="App.Tests.Ecommerce.Entity.CategoryTest" assertions="1" time="0.000045"/>
        <testcase name="testSetAndGetDescription" file="/home/nicolas/maison-de-lepouvante/back/tests/Ecommerce/Entity/CategoryTest.php" line="34" class="App\Tests\Ecommerce\Entity\CategoryTest" classname="App.Tests.Ecommerce.Entity.CategoryTest" assertions="1" time="0.000035"/>
        <testcase name="testSetAndGetSlug" file="/home/nicolas/maison-de-lepouvante/back/tests/Ecommerce/Entity/CategoryTest.php" line="42" class="App\Tests\Ecommerce\Entity\CategoryTest" classname="App.Tests.Ecommerce.Entity.CategoryTest" assertions="1" time="0.000031"/>
        <testcase name="testSetAndGetParent" file="/home/nicolas/maison-de-lepouvante/back/tests/Ecommerce/Entity/CategoryTest.php" line="50" class="App\Tests\Ecommerce\Entity\CategoryTest" classname="App.Tests.Ecommerce.Entity.CategoryTest" assertions="1" time="0.000034"/>
        <testcase name="testAddAndRemoveChild" file="/home/nicolas/maison-de-lepouvante/back/tests/Ecommerce/Entity/CategoryTest.php" line="60" class="App\Tests\Ecommerce\Entity\CategoryTest" classname="App.Tests.Ecommerce.Entity.CategoryTest" assertions="4" time="0.006467"/>
        <testcase name="testAddAndRemoveProduct" file="/home/nicolas/maison-de-lepouvante/back/tests/Ecommerce/Entity/CategoryTest.php" line="74" class="App\Tests\Ecommerce\Entity\CategoryTest" classname="App.Tests.Ecommerce.Entity.CategoryTest" assertions="4" time="0.001081"/>
        <testcase name="testHasParent" file="/home/nicolas/maison-de-lepouvante/back/tests/Ecommerce/Entity/CategoryTest.php" line="88" class="App\Tests\Ecommerce\Entity\CategoryTest" classname="App.Tests.Ecommerce.Entity.CategoryTest" assertions="2" time="0.000200"/>
        <testcase name="testHasChildren" file="/home/nicolas/maison-de-lepouvante/back/tests/Ecommerce/Entity/CategoryTest.php" line="98" class="App\Tests\Ecommerce\Entity\CategoryTest" classname="App.Tests.Ecommerce.Entity.CategoryTest" assertions="2" time="0.000038"/>
        <testcase name="testSetUpdatedAt" file="/home/nicolas/maison-de-lepouvante/back/tests/Ecommerce/Entity/CategoryTest.php" line="109" class="App\Tests\Ecommerce\Entity\CategoryTest" classname="App.Tests.Ecommerce.Entity.CategoryTest" assertions="1" time="1.008766"/>
      </testsuite>
      <testsuite name="App\Tests\Ecommerce\Entity\OrderTest" file="/home/nicolas/maison-de-lepouvante/back/tests/Ecommerce/Entity/OrderTest.php" tests="21" assertions="37" errors="0" failures="0" skipped="5" time="1.003869">
        <testcase name="testNewOrderHasCorrectDefaults" file="/home/nicolas/maison-de-lepouvante/back/tests/Ecommerce/Entity/OrderTest.php" line="19" class="App\Tests\Ecommerce\Entity\OrderTest" classname="App.Tests.Ecommerce.Entity.OrderTest" assertions="9" time="0.000353"/>
        <testcase name="testSetAndGetUser" file="/home/nicolas/maison-de-lepouvante/back/tests/Ecommerce/Entity/OrderTest.php" line="32" class="App\Tests\Ecommerce\Entity\OrderTest" classname="App.Tests.Ecommerce.Entity.OrderTest" assertions="1" time="0.000913"/>
        <testcase name="testSetAndGetStatus" file="/home/nicolas/maison-de-lepouvante/back/tests/Ecommerce/Entity/OrderTest.php" line="40" class="App\Tests\Ecommerce\Entity\OrderTest" classname="App.Tests.Ecommerce.Entity.OrderTest" assertions="7" time="0.000044"/>
        <testcase name="testSetAndGetTotalAmount" file="/home/nicolas/maison-de-lepouvante/back/tests/Ecommerce/Entity/OrderTest.php" line="50" class="App\Tests\Ecommerce\Entity\OrderTest" classname="App.Tests.Ecommerce.Entity.OrderTest" assertions="1" time="0.000035"/>
        <testcase name="testSetAndGetShippingCost" file="/home/nicolas/maison-de-lepouvante/back/tests/Ecommerce/Entity/OrderTest.php" line="58" class="App\Tests\Ecommerce\Entity\OrderTest" classname="App.Tests.Ecommerce.Entity.OrderTest" assertions="1" time="0.000032"/>
        <testcase name="testSetAndGetTaxAmount" file="/home/nicolas/maison-de-lepouvante/back/tests/Ecommerce/Entity/OrderTest.php" line="66" class="App\Tests\Ecommerce\Entity\OrderTest" classname="App.Tests.Ecommerce.Entity.OrderTest" assertions="1" time="0.000031"/>
        <testcase name="testSetAndGetShippingAddress" file="/home/nicolas/maison-de-lepouvante/back/tests/Ecommerce/Entity/OrderTest.php" line="74" class="App\Tests\Ecommerce\Entity\OrderTest" classname="App.Tests.Ecommerce.Entity.OrderTest" assertions="0" time="0.001217">
          <skipped/>
        </testcase>
        <testcase name="testSetAndGetBillingAddress" file="/home/nicolas/maison-de-lepouvante/back/tests/Ecommerce/Entity/OrderTest.php" line="79" class="App\Tests\Ecommerce\Entity\OrderTest" classname="App.Tests.Ecommerce.Entity.OrderTest" assertions="1" time="0.000043"/>
        <testcase name="testSetAndGetPaymentMethod" file="/home/nicolas/maison-de-lepouvante/back/tests/Ecommerce/Entity/OrderTest.php" line="92" class="App\Tests\Ecommerce\Entity\OrderTest" classname="App.Tests.Ecommerce.Entity.OrderTest" assertions="1" time="0.000034"/>
        <testcase name="testSetAndGetPaymentIntentId" file="/home/nicolas/maison-de-lepouvante/back/tests/Ecommerce/Entity/OrderTest.php" line="100" class="App\Tests\Ecommerce\Entity\OrderTest" classname="App.Tests.Ecommerce.Entity.OrderTest" assertions="1" time="0.000033"/>
        <testcase name="testAddAndRemoveItem" file="/home/nicolas/maison-de-lepouvante/back/tests/Ecommerce/Entity/OrderTest.php" line="108" class="App\Tests\Ecommerce\Entity\OrderTest" classname="App.Tests.Ecommerce.Entity.OrderTest" assertions="4" time="0.000525"/>
        <testcase name="testIsPending" file="/home/nicolas/maison-de-lepouvante/back/tests/Ecommerce/Entity/OrderTest.php" line="122" class="App\Tests\Ecommerce\Entity\OrderTest" classname="App.Tests.Ecommerce.Entity.OrderTest" assertions="2" time="0.000045"/>
        <testcase name="testIsPaid" file="/home/nicolas/maison-de-lepouvante/back/tests/Ecommerce/Entity/OrderTest.php" line="131" class="App\Tests\Ecommerce\Entity\OrderTest" classname="App.Tests.Ecommerce.Entity.OrderTest" assertions="2" time="0.000032"/>
        <testcase name="testIsShipped" file="/home/nicolas/maison-de-lepouvante/back/tests/Ecommerce/Entity/OrderTest.php" line="140" class="App\Tests\Ecommerce\Entity\OrderTest" classname="App.Tests.Ecommerce.Entity.OrderTest" assertions="0" time="0.000058">
          <skipped/>
        </testcase>
        <testcase name="testIsDelivered" file="/home/nicolas/maison-de-lepouvante/back/tests/Ecommerce/Entity/OrderTest.php" line="145" class="App\Tests\Ecommerce\Entity\OrderTest" classname="App.Tests.Ecommerce.Entity.OrderTest" assertions="0" time="0.000045">
          <skipped/>
        </testcase>
        <testcase name="testIsCancelled" file="/home/nicolas/maison-de-lepouvante/back/tests/Ecommerce/Entity/OrderTest.php" line="150" class="App\Tests\Ecommerce\Entity\OrderTest" classname="App.Tests.Ecommerce.Entity.OrderTest" assertions="2" time="0.000032"/>
        <testcase name="testMarkAsPaid" file="/home/nicolas/maison-de-lepouvante/back/tests/Ecommerce/Entity/OrderTest.php" line="159" class="App\Tests\Ecommerce\Entity\OrderTest" classname="App.Tests.Ecommerce.Entity.OrderTest" assertions="2" time="0.000032"/>
        <testcase name="testMarkAsShipped" file="/home/nicolas/maison-de-lepouvante/back/tests/Ecommerce/Entity/OrderTest.php" line="167" class="App\Tests\Ecommerce\Entity\OrderTest" classname="App.Tests.Ecommerce.Entity.OrderTest" assertions="0" time="0.000044">
          <skipped/>
        </testcase>
        <testcase name="testMarkAsDelivered" file="/home/nicolas/maison-de-lepouvante/back/tests/Ecommerce/Entity/OrderTest.php" line="172" class="App\Tests\Ecommerce\Entity\OrderTest" classname="App.Tests.Ecommerce.Entity.OrderTest" assertions="0" time="0.000048">
          <skipped/>
        </testcase>
        <testcase name="testCancel" file="/home/nicolas/maison-de-lepouvante/back/tests/Ecommerce/Entity/OrderTest.php" line="177" class="App\Tests\Ecommerce\Entity\OrderTest" classname="App.Tests.Ecommerce.Entity.OrderTest" assertions="1" time="0.000030"/>
        <testcase name="testSetUpdatedAt" file="/home/nicolas/maison-de-lepouvante/back/tests/Ecommerce/Entity/OrderTest.php" line="184" class="App\Tests\Ecommerce\Entity\OrderTest" classname="App.Tests.Ecommerce.Entity.OrderTest" assertions="1" time="1.000242"/>
      </testsuite>
      <testsuite name="App\Tests\Ecommerce\Entity\ProductTest" file="/home/nicolas/maison-de-lepouvante/back/tests/Ecommerce/Entity/ProductTest.php" tests="24" assertions="42" errors="0" failures="0" skipped="1" time="1.001886">
        <testcase name="testNewProductHasCorrectDefaults" file="/home/nicolas/maison-de-lepouvante/back/tests/Ecommerce/Entity/ProductTest.php" line="21" class="App\Tests\Ecommerce\Entity\ProductTest" classname="App.Tests.Ecommerce.Entity.ProductTest" assertions="9" time="0.000102"/>
        <testcase name="testSetAndGetName" file="/home/nicolas/maison-de-lepouvante/back/tests/Ecommerce/Entity/ProductTest.php" line="36" class="App\Tests\Ecommerce\Entity\ProductTest" classname="App.Tests.Ecommerce.Entity.ProductTest" assertions="1" time="0.000036"/>
        <testcase name="testSetAndGetDescription" file="/home/nicolas/maison-de-lepouvante/back/tests/Ecommerce/Entity/ProductTest.php" line="44" class="App\Tests\Ecommerce\Entity\ProductTest" classname="App.Tests.Ecommerce.Entity.ProductTest" assertions="1" time="0.000034"/>
        <testcase name="testSetAndGetSlug" file="/home/nicolas/maison-de-lepouvante/back/tests/Ecommerce/Entity/ProductTest.php" line="52" class="App\Tests\Ecommerce\Entity\ProductTest" classname="App.Tests.Ecommerce.Entity.ProductTest" assertions="1" time="0.000030"/>
        <testcase name="testSetAndGetPrice" file="/home/nicolas/maison-de-lepouvante/back/tests/Ecommerce/Entity/ProductTest.php" line="60" class="App\Tests\Ecommerce\Entity\ProductTest" classname="App.Tests.Ecommerce.Entity.ProductTest" assertions="1" time="0.000031"/>
        <testcase name="testSetAndGetStock" file="/home/nicolas/maison-de-lepouvante/back/tests/Ecommerce/Entity/ProductTest.php" line="68" class="App\Tests\Ecommerce\Entity\ProductTest" classname="App.Tests.Ecommerce.Entity.ProductTest" assertions="1" time="0.000034"/>
        <testcase name="testSetAndGetType" file="/home/nicolas/maison-de-lepouvante/back/tests/Ecommerce/Entity/ProductTest.php" line="76" class="App\Tests\Ecommerce\Entity\ProductTest" classname="App.Tests.Ecommerce.Entity.ProductTest" assertions="3" time="0.000032"/>
        <testcase name="testSetAndGetSku" file="/home/nicolas/maison-de-lepouvante/back/tests/Ecommerce/Entity/ProductTest.php" line="86" class="App\Tests\Ecommerce\Entity\ProductTest" classname="App.Tests.Ecommerce.Entity.ProductTest" assertions="1" time="0.000030"/>
        <testcase name="testSetAndGetImages" file="/home/nicolas/maison-de-lepouvante/back/tests/Ecommerce/Entity/ProductTest.php" line="94" class="App\Tests\Ecommerce\Entity\ProductTest" classname="App.Tests.Ecommerce.Entity.ProductTest" assertions="1" time="0.000030"/>
        <testcase name="testSetAndGetActive" file="/home/nicolas/maison-de-lepouvante/back/tests/Ecommerce/Entity/ProductTest.php" line="105" class="App\Tests\Ecommerce\Entity\ProductTest" classname="App.Tests.Ecommerce.Entity.ProductTest" assertions="2" time="0.000030"/>
        <testcase name="testSetAndGetExclusiveOnline" file="/home/nicolas/maison-de-lepouvante/back/tests/Ecommerce/Entity/ProductTest.php" line="114" class="App\Tests\Ecommerce\Entity\ProductTest" classname="App.Tests.Ecommerce.Entity.ProductTest" assertions="2" time="0.000032"/>
        <testcase name="testSetAndGetCategory" file="/home/nicolas/maison-de-lepouvante/back/tests/Ecommerce/Entity/ProductTest.php" line="123" class="App\Tests\Ecommerce\Entity\ProductTest" classname="App.Tests.Ecommerce.Entity.ProductTest" assertions="1" time="0.000037"/>
        <testcase name="testSetAndGetWeight" file="/home/nicolas/maison-de-lepouvante/back/tests/Ecommerce/Entity/ProductTest.php" line="133" class="App\Tests\Ecommerce\Entity\ProductTest" classname="App.Tests.Ecommerce.Entity.ProductTest" assertions="1" time="0.000031"/>
        <testcase name="testSetAndGetMetadata" file="/home/nicolas/maison-de-lepouvante/back/tests/Ecommerce/Entity/ProductTest.php" line="141" class="App\Tests\Ecommerce\Entity\ProductTest" classname="App.Tests.Ecommerce.Entity.ProductTest" assertions="1" time="0.000030"/>
        <testcase name="testSetAndGetDigitalContent" file="/home/nicolas/maison-de-lepouvante/back/tests/Ecommerce/Entity/ProductTest.php" line="149" class="App\Tests\Ecommerce\Entity\ProductTest" classname="App.Tests.Ecommerce.Entity.ProductTest" assertions="1" time="0.000803"/>
        <testcase name="testAddAndRemoveOrderItem" file="/home/nicolas/maison-de-lepouvante/back/tests/Ecommerce/Entity/ProductTest.php" line="157" class="App\Tests\Ecommerce\Entity\ProductTest" classname="App.Tests.Ecommerce.Entity.ProductTest" assertions="4" time="0.000096"/>
        <testcase name="testAddAndRemoveCartItem" file="/home/nicolas/maison-de-lepouvante/back/tests/Ecommerce/Entity/ProductTest.php" line="171" class="App\Tests\Ecommerce\Entity\ProductTest" classname="App.Tests.Ecommerce.Entity.ProductTest" assertions="0" time="0.000074">
          <skipped/>
        </testcase>
        <testcase name="testIsPhysical" file="/home/nicolas/maison-de-lepouvante/back/tests/Ecommerce/Entity/ProductTest.php" line="176" class="App\Tests\Ecommerce\Entity\ProductTest" classname="App.Tests.Ecommerce.Entity.ProductTest" assertions="2" time="0.000035"/>
        <testcase name="testIsDigital" file="/home/nicolas/maison-de-lepouvante/back/tests/Ecommerce/Entity/ProductTest.php" line="185" class="App\Tests\Ecommerce\Entity\ProductTest" classname="App.Tests.Ecommerce.Entity.ProductTest" assertions="2" time="0.000030"/>
        <testcase name="testIsSubscription" file="/home/nicolas/maison-de-lepouvante/back/tests/Ecommerce/Entity/ProductTest.php" line="194" class="App\Tests\Ecommerce\Entity\ProductTest" classname="App.Tests.Ecommerce.Entity.ProductTest" assertions="2" time="0.000030"/>
        <testcase name="testIsInStock" file="/home/nicolas/maison-de-lepouvante/back/tests/Ecommerce/Entity/ProductTest.php" line="203" class="App\Tests\Ecommerce\Entity\ProductTest" classname="App.Tests.Ecommerce.Entity.ProductTest" assertions="2" time="0.000030"/>
        <testcase name="testDecreaseStock" file="/home/nicolas/maison-de-lepouvante/back/tests/Ecommerce/Entity/ProductTest.php" line="212" class="App\Tests\Ecommerce\Entity\ProductTest" classname="App.Tests.Ecommerce.Entity.ProductTest" assertions="1" time="0.000031"/>
        <testcase name="testIncreaseStock" file="/home/nicolas/maison-de-lepouvante/back/tests/Ecommerce/Entity/ProductTest.php" line="220" class="App\Tests\Ecommerce\Entity\ProductTest" classname="App.Tests.Ecommerce.Entity.ProductTest" assertions="1" time="0.000030"/>
        <testcase name="testSetUpdatedAt" file="/home/nicolas/maison-de-lepouvante/back/tests/Ecommerce/Entity/ProductTest.php" line="228" class="App\Tests\Ecommerce\Entity\ProductTest" classname="App.Tests.Ecommerce.Entity.ProductTest" assertions="1" time="1.000210"/>
      </testsuite>
      <testsuite name="App\Tests\Entity\DigitalContentTest" file="/home/nicolas/maison-de-lepouvante/back/tests/Entity/DigitalContentTest.php" tests="16" assertions="29" errors="0" failures="0" skipped="0" time="1.000771">
        <testcase name="testNewContentHasCorrectDefaults" file="/home/nicolas/maison-de-lepouvante/back/tests/Entity/DigitalContentTest.php" line="18" class="App\Tests\Entity\DigitalContentTest" classname="App.Tests.Entity.DigitalContentTest" assertions="5" time="0.000075"/>
        <testcase name="testSetAndGetProduct" file="/home/nicolas/maison-de-lepouvante/back/tests/Entity/DigitalContentTest.php" line="27" class="App\Tests\Entity\DigitalContentTest" classname="App.Tests.Entity.DigitalContentTest" assertions="1" time="0.000061"/>
        <testcase name="testSetAndGetContentType" file="/home/nicolas/maison-de-lepouvante/back/tests/Entity/DigitalContentTest.php" line="35" class="App\Tests\Entity\DigitalContentTest" classname="App.Tests.Entity.DigitalContentTest" assertions="5" time="0.000034"/>
        <testcase name="testSetAndGetFilePath" file="/home/nicolas/maison-de-lepouvante/back/tests/Entity/DigitalContentTest.php" line="45" class="App\Tests\Entity\DigitalContentTest" classname="App.Tests.Entity.DigitalContentTest" assertions="1" time="0.000032"/>
        <testcase name="testSetAndGetFileName" file="/home/nicolas/maison-de-lepouvante/back/tests/Entity/DigitalContentTest.php" line="53" class="App\Tests\Entity\DigitalContentTest" classname="App.Tests.Entity.DigitalContentTest" assertions="1" time="0.000030"/>
        <testcase name="testSetAndGetFileSize" file="/home/nicolas/maison-de-lepouvante/back/tests/Entity/DigitalContentTest.php" line="61" class="App\Tests\Entity\DigitalContentTest" classname="App.Tests.Entity.DigitalContentTest" assertions="1" time="0.000031"/>
        <testcase name="testSetAndGetMimeType" file="/home/nicolas/maison-de-lepouvante/back/tests/Entity/DigitalContentTest.php" line="69" class="App\Tests\Entity\DigitalContentTest" classname="App.Tests.Entity.DigitalContentTest" assertions="1" time="0.000031"/>
        <testcase name="testSetAndGetIssueNumber" file="/home/nicolas/maison-de-lepouvante/back/tests/Entity/DigitalContentTest.php" line="77" class="App\Tests\Entity\DigitalContentTest" classname="App.Tests.Entity.DigitalContentTest" assertions="1" time="0.000031"/>
        <testcase name="testSetAndGetPageCount" file="/home/nicolas/maison-de-lepouvante/back/tests/Entity/DigitalContentTest.php" line="85" class="App\Tests\Entity\DigitalContentTest" classname="App.Tests.Entity.DigitalContentTest" assertions="1" time="0.000031"/>
        <testcase name="testSetAndGetMetadata" file="/home/nicolas/maison-de-lepouvante/back/tests/Entity/DigitalContentTest.php" line="93" class="App\Tests\Entity\DigitalContentTest" classname="App.Tests.Entity.DigitalContentTest" assertions="1" time="0.000031"/>
        <testcase name="testSetAndGetRequiresSubscription" file="/home/nicolas/maison-de-lepouvante/back/tests/Entity/DigitalContentTest.php" line="101" class="App\Tests\Entity\DigitalContentTest" classname="App.Tests.Entity.DigitalContentTest" assertions="2" time="0.000035"/>
        <testcase name="testIsFanzine" file="/home/nicolas/maison-de-lepouvante/back/tests/Entity/DigitalContentTest.php" line="110" class="App\Tests\Entity\DigitalContentTest" classname="App.Tests.Entity.DigitalContentTest" assertions="2" time="0.000031"/>
        <testcase name="testIsEbook" file="/home/nicolas/maison-de-lepouvante/back/tests/Entity/DigitalContentTest.php" line="119" class="App\Tests\Entity\DigitalContentTest" classname="App.Tests.Entity.DigitalContentTest" assertions="2" time="0.000030"/>
        <testcase name="testIsVideo" file="/home/nicolas/maison-de-lepouvante/back/tests/Entity/DigitalContentTest.php" line="128" class="App\Tests\Entity\DigitalContentTest" classname="App.Tests.Entity.DigitalContentTest" assertions="2" time="0.000030"/>
        <testcase name="testIsAudio" file="/home/nicolas/maison-de-lepouvante/back/tests/Entity/DigitalContentTest.php" line="137" class="App\Tests\Entity\DigitalContentTest" classname="App.Tests.Entity.DigitalContentTest" assertions="2" time="0.000029"/>
        <testcase name="testSetUpdatedAt" file="/home/nicolas/maison-de-lepouvante/back/tests/Entity/DigitalContentTest.php" line="146" class="App\Tests\Entity\DigitalContentTest" classname="App.Tests.Entity.DigitalContentTest" assertions="1" time="1.000229"/>
      </testsuite>
      <testsuite name="App\Tests\Entity\SubscriptionPlanTest" file="/home/nicolas/maison-de-lepouvante/back/tests/Entity/SubscriptionPlanTest.php" tests="13" assertions="30" errors="0" failures="0" skipped="0" time="1.001481">
        <testcase name="testNewPlanHasCorrectDefaults" file="/home/nicolas/maison-de-lepouvante/back/tests/Entity/SubscriptionPlanTest.php" line="18" class="App\Tests\Entity\SubscriptionPlanTest" classname="App.Tests.Entity.SubscriptionPlanTest" assertions="7" time="0.000078"/>
        <testcase name="testSetAndGetName" file="/home/nicolas/maison-de-lepouvante/back/tests/Entity/SubscriptionPlanTest.php" line="29" class="App\Tests\Entity\SubscriptionPlanTest" classname="App.Tests.Entity.SubscriptionPlanTest" assertions="1" time="0.000036"/>
        <testcase name="testSetAndGetDescription" file="/home/nicolas/maison-de-lepouvante/back/tests/Entity/SubscriptionPlanTest.php" line="37" class="App\Tests\Entity\SubscriptionPlanTest" classname="App.Tests.Entity.SubscriptionPlanTest" assertions="1" time="0.000034"/>
        <testcase name="testSetAndGetPrice" file="/home/nicolas/maison-de-lepouvante/back/tests/Entity/SubscriptionPlanTest.php" line="45" class="App\Tests\Entity\SubscriptionPlanTest" classname="App.Tests.Entity.SubscriptionPlanTest" assertions="1" time="0.000034"/>
        <testcase name="testSetAndGetBillingInterval" file="/home/nicolas/maison-de-lepouvante/back/tests/Entity/SubscriptionPlanTest.php" line="53" class="App\Tests\Entity\SubscriptionPlanTest" classname="App.Tests.Entity.SubscriptionPlanTest" assertions="3" time="0.000034"/>
        <testcase name="testSetAndGetDurationInMonths" file="/home/nicolas/maison-de-lepouvante/back/tests/Entity/SubscriptionPlanTest.php" line="63" class="App\Tests\Entity\SubscriptionPlanTest" classname="App.Tests.Entity.SubscriptionPlanTest" assertions="1" time="0.000032"/>
        <testcase name="testSetAndGetFormat" file="/home/nicolas/maison-de-lepouvante/back/tests/Entity/SubscriptionPlanTest.php" line="71" class="App\Tests\Entity\SubscriptionPlanTest" classname="App.Tests.Entity.SubscriptionPlanTest" assertions="3" time="0.000031"/>
        <testcase name="testSetAndGetActive" file="/home/nicolas/maison-de-lepouvante/back/tests/Entity/SubscriptionPlanTest.php" line="81" class="App\Tests\Entity\SubscriptionPlanTest" classname="App.Tests.Entity.SubscriptionPlanTest" assertions="2" time="0.000032"/>
        <testcase name="testAddAndRemoveSubscription" file="/home/nicolas/maison-de-lepouvante/back/tests/Entity/SubscriptionPlanTest.php" line="90" class="App\Tests\Entity\SubscriptionPlanTest" classname="App.Tests.Entity.SubscriptionPlanTest" assertions="4" time="0.000802"/>
        <testcase name="testSetUpdatedAt" file="/home/nicolas/maison-de-lepouvante/back/tests/Entity/SubscriptionPlanTest.php" line="104" class="App\Tests\Entity\SubscriptionPlanTest" classname="App.Tests.Entity.SubscriptionPlanTest" assertions="1" time="1.000241"/>
        <testcase name="testMonthlyPlanDuration" file="/home/nicolas/maison-de-lepouvante/back/tests/Entity/SubscriptionPlanTest.php" line="114" class="App\Tests\Entity\SubscriptionPlanTest" classname="App.Tests.Entity.SubscriptionPlanTest" assertions="2" time="0.000061"/>
        <testcase name="testQuarterlyPlanDuration" file="/home/nicolas/maison-de-lepouvante/back/tests/Entity/SubscriptionPlanTest.php" line="123" class="App\Tests\Entity\SubscriptionPlanTest" classname="App.Tests.Entity.SubscriptionPlanTest" assertions="2" time="0.000034"/>
        <testcase name="testYearlyPlanDuration" file="/home/nicolas/maison-de-lepouvante/back/tests/Entity/SubscriptionPlanTest.php" line="132" class="App\Tests\Entity\SubscriptionPlanTest" classname="App.Tests.Entity.SubscriptionPlanTest" assertions="2" time="0.000032"/>
      </testsuite>
      <testsuite name="App\Tests\Entity\SubscriptionTest" file="/home/nicolas/maison-de-lepouvante/back/tests/Entity/SubscriptionTest.php" tests="15" assertions="27" errors="0" failures="0" skipped="0" time="1.001509">
        <testcase name="testNewSubscriptionHasCorrectDefaults" file="/home/nicolas/maison-de-lepouvante/back/tests/Entity/SubscriptionTest.php" line="19" class="App\Tests\Entity\SubscriptionTest" classname="App.Tests.Entity.SubscriptionTest" assertions="4" time="0.000055"/>
        <testcase name="testSetAndGetUser" file="/home/nicolas/maison-de-lepouvante/back/tests/Entity/SubscriptionTest.php" line="27" class="App\Tests\Entity\SubscriptionTest" classname="App.Tests.Entity.SubscriptionTest" assertions="1" time="0.000059"/>
        <testcase name="testSetAndGetPlan" file="/home/nicolas/maison-de-lepouvante/back/tests/Entity/SubscriptionTest.php" line="35" class="App\Tests\Entity\SubscriptionTest" classname="App.Tests.Entity.SubscriptionTest" assertions="1" time="0.000700"/>
        <testcase name="testSetAndGetStatus" file="/home/nicolas/maison-de-lepouvante/back/tests/Entity/SubscriptionTest.php" line="43" class="App\Tests\Entity\SubscriptionTest" classname="App.Tests.Entity.SubscriptionTest" assertions="4" time="0.000045"/>
        <testcase name="testSetAndGetStartDate" file="/home/nicolas/maison-de-lepouvante/back/tests/Entity/SubscriptionTest.php" line="53" class="App\Tests\Entity\SubscriptionTest" classname="App.Tests.Entity.SubscriptionTest" assertions="1" time="0.000036"/>
        <testcase name="testSetAndGetEndDate" file="/home/nicolas/maison-de-lepouvante/back/tests/Entity/SubscriptionTest.php" line="61" class="App\Tests\Entity\SubscriptionTest" classname="App.Tests.Entity.SubscriptionTest" assertions="1" time="0.000031"/>
        <testcase name="testSetAndGetAutoRenew" file="/home/nicolas/maison-de-lepouvante/back/tests/Entity/SubscriptionTest.php" line="69" class="App\Tests\Entity\SubscriptionTest" classname="App.Tests.Entity.SubscriptionTest" assertions="2" time="0.000033"/>
        <testcase name="testSetAndGetCancelledAt" file="/home/nicolas/maison-de-lepouvante/back/tests/Entity/SubscriptionTest.php" line="78" class="App\Tests\Entity\SubscriptionTest" classname="App.Tests.Entity.SubscriptionTest" assertions="1" time="0.000032"/>
        <testcase name="testSetAndGetPaymentIntentId" file="/home/nicolas/maison-de-lepouvante/back/tests/Entity/SubscriptionTest.php" line="86" class="App\Tests\Entity\SubscriptionTest" classname="App.Tests.Entity.SubscriptionTest" assertions="1" time="0.000031"/>
        <testcase name="testIsActive" file="/home/nicolas/maison-de-lepouvante/back/tests/Entity/SubscriptionTest.php" line="94" class="App\Tests\Entity\SubscriptionTest" classname="App.Tests.Entity.SubscriptionTest" assertions="4" time="0.000041"/>
        <testcase name="testIsExpired" file="/home/nicolas/maison-de-lepouvante/back/tests/Entity/SubscriptionTest.php" line="110" class="App\Tests\Entity\SubscriptionTest" classname="App.Tests.Entity.SubscriptionTest" assertions="2" time="0.000033"/>
        <testcase name="testCancel" file="/home/nicolas/maison-de-lepouvante/back/tests/Entity/SubscriptionTest.php" line="123" class="App\Tests\Entity\SubscriptionTest" classname="App.Tests.Entity.SubscriptionTest" assertions="2" time="0.000031"/>
        <testcase name="testActivate" file="/home/nicolas/maison-de-lepouvante/back/tests/Entity/SubscriptionTest.php" line="132" class="App\Tests\Entity\SubscriptionTest" classname="App.Tests.Entity.SubscriptionTest" assertions="1" time="0.000029"/>
        <testcase name="testExpire" file="/home/nicolas/maison-de-lepouvante/back/tests/Entity/SubscriptionTest.php" line="140" class="App\Tests\Entity\SubscriptionTest" classname="App.Tests.Entity.SubscriptionTest" assertions="1" time="0.000027"/>
        <testcase name="testSetUpdatedAt" file="/home/nicolas/maison-de-lepouvante/back/tests/Entity/SubscriptionTest.php" line="148" class="App\Tests\Entity\SubscriptionTest" classname="App.Tests.Entity.SubscriptionTest" assertions="1" time="1.000326"/>
      </testsuite>
      <testsuite name="App\Tests\Entity\UserTest" file="/home/nicolas/maison-de-lepouvante/back/tests/Entity/UserTest.php" tests="18" assertions="31" errors="0" failures="0" skipped="1" time="1.002037">
        <testcase name="testNewUserHasCorrectDefaults" file="/home/nicolas/maison-de-lepouvante/back/tests/Entity/UserTest.php" line="20" class="App\Tests\Entity\UserTest" classname="App.Tests.Entity.UserTest" assertions="5" time="0.000072"/>
        <testcase name="testSetAndGetEmail" file="/home/nicolas/maison-de-lepouvante/back/tests/Entity/UserTest.php" line="29" class="App\Tests\Entity\UserTest" classname="App.Tests.Entity.UserTest" assertions="2" time="0.000040"/>
        <testcase name="testSetAndGetPassword" file="/home/nicolas/maison-de-lepouvante/back/tests/Entity/UserTest.php" line="38" class="App\Tests\Entity\UserTest" classname="App.Tests.Entity.UserTest" assertions="1" time="0.000036"/>
        <testcase name="testSetAndGetPlainPassword" file="/home/nicolas/maison-de-lepouvante/back/tests/Entity/UserTest.php" line="46" class="App\Tests\Entity\UserTest" classname="App.Tests.Entity.UserTest" assertions="1" time="0.000033"/>
        <testcase name="testSetAndGetFirstName" file="/home/nicolas/maison-de-lepouvante/back/tests/Entity/UserTest.php" line="54" class="App\Tests\Entity\UserTest" classname="App.Tests.Entity.UserTest" assertions="1" time="0.000032"/>
        <testcase name="testSetAndGetLastName" file="/home/nicolas/maison-de-lepouvante/back/tests/Entity/UserTest.php" line="62" class="App\Tests\Entity\UserTest" classname="App.Tests.Entity.UserTest" assertions="1" time="0.000031"/>
        <testcase name="testGetFullName" file="/home/nicolas/maison-de-lepouvante/back/tests/Entity/UserTest.php" line="70" class="App\Tests\Entity\UserTest" classname="App.Tests.Entity.UserTest" assertions="1" time="0.000033"/>
        <testcase name="testGetFullNameWithOnlyFirstName" file="/home/nicolas/maison-de-lepouvante/back/tests/Entity/UserTest.php" line="78" class="App\Tests\Entity\UserTest" classname="App.Tests.Entity.UserTest" assertions="1" time="0.000032"/>
        <testcase name="testGetFullNameWithOnlyLastName" file="/home/nicolas/maison-de-lepouvante/back/tests/Entity/UserTest.php" line="85" class="App\Tests\Entity\UserTest" classname="App.Tests.Entity.UserTest" assertions="1" time="0.000033"/>
        <testcase name="testGetFullNameWithNoName" file="/home/nicolas/maison-de-lepouvante/back/tests/Entity/UserTest.php" line="92" class="App\Tests\Entity\UserTest" classname="App.Tests.Entity.UserTest" assertions="1" time="0.000031"/>
        <testcase name="testSetAndGetRoles" file="/home/nicolas/maison-de-lepouvante/back/tests/Entity/UserTest.php" line="97" class="App\Tests\Entity\UserTest" classname="App.Tests.Entity.UserTest" assertions="1" time="0.000031"/>
        <testcase name="testRolesAlwaysContainsRoleUser" file="/home/nicolas/maison-de-lepouvante/back/tests/Entity/UserTest.php" line="105" class="App\Tests\Entity\UserTest" classname="App.Tests.Entity.UserTest" assertions="1" time="0.000038"/>
        <testcase name="testSetIsVerified" file="/home/nicolas/maison-de-lepouvante/back/tests/Entity/UserTest.php" line="113" class="App\Tests\Entity\UserTest" classname="App.Tests.Entity.UserTest" assertions="3" time="0.000032"/>
        <testcase name="testEraseCredentials" file="/home/nicolas/maison-de-lepouvante/back/tests/Entity/UserTest.php" line="124" class="App\Tests\Entity\UserTest" classname="App.Tests.Entity.UserTest" assertions="1" time="0.000032"/>
        <testcase name="testSetUpdatedAtOnUpdate" file="/home/nicolas/maison-de-lepouvante/back/tests/Entity/UserTest.php" line="132" class="App\Tests\Entity\UserTest" classname="App.Tests.Entity.UserTest" assertions="2" time="1.000211"/>
        <testcase name="testSetAndGetCart" file="/home/nicolas/maison-de-lepouvante/back/tests/Entity/UserTest.php" line="144" class="App\Tests\Entity\UserTest" classname="App.Tests.Entity.UserTest" assertions="0" time="0.000100">
          <skipped/>
        </testcase>
        <testcase name="testAddAndRemoveOrder" file="/home/nicolas/maison-de-lepouvante/back/tests/Entity/UserTest.php" line="149" class="App\Tests\Entity\UserTest" classname="App.Tests.Entity.UserTest" assertions="4" time="0.001142"/>
        <testcase name="testAddAndRemoveSubscription" file="/home/nicolas/maison-de-lepouvante/back/tests/Entity/UserTest.php" line="163" class="App\Tests\Entity\UserTest" classname="App.Tests.Entity.UserTest" assertions="4" time="0.000078"/>
      </testsuite>
      <testsuite name="App\Tests\Service\PaginationServiceTest" file="/home/nicolas/maison-de-lepouvante/back/tests/Service/PaginationServiceTest.php" tests="10" assertions="41" errors="0" failures="0" skipped="0" time="0.008946">
        <testcase name="testPaginateArray" file="/home/nicolas/maison-de-lepouvante/back/tests/Service/PaginationServiceTest.php" line="17" class="App\Tests\Service\PaginationServiceTest" classname="App.Tests.Service.PaginationServiceTest" assertions="11" time="0.000061"/>
        <testcase name="testPaginateArraySecondPage" file="/home/nicolas/maison-de-lepouvante/back/tests/Service/PaginationServiceTest.php" line="39" class="App\Tests\Service\PaginationServiceTest" classname="App.Tests.Service.PaginationServiceTest" assertions="5" time="0.000038"/>
        <testcase name="testPaginateArrayLastPage" file="/home/nicolas/maison-de-lepouvante/back/tests/Service/PaginationServiceTest.php" line="52" class="App\Tests\Service\PaginationServiceTest" classname="App.Tests.Service.PaginationServiceTest" assertions="5" time="0.000034"/>
        <testcase name="testPaginateArrayWithoutPagination" file="/home/nicolas/maison-de-lepouvante/back/tests/Service/PaginationServiceTest.php" line="65" class="App\Tests\Service\PaginationServiceTest" classname="App.Tests.Service.PaginationServiceTest" assertions="5" time="0.000036"/>
        <testcase name="testPaginateArrayEmptyArray" file="/home/nicolas/maison-de-lepouvante/back/tests/Service/PaginationServiceTest.php" line="77" class="App\Tests\Service\PaginationServiceTest" classname="App.Tests.Service.PaginationServiceTest" assertions="5" time="0.000034"/>
        <testcase name="testPaginateArrayInvalidPageNumber" file="/home/nicolas/maison-de-lepouvante/back/tests/Service/PaginationServiceTest.php" line="88" class="App\Tests\Service\PaginationServiceTest" classname="App.Tests.Service.PaginationServiceTest" assertions="1" time="0.000033"/>
        <testcase name="testPaginateArrayExcessiveItemsPerPage" file="/home/nicolas/maison-de-lepouvante/back/tests/Service/PaginationServiceTest.php" line="97" class="App\Tests\Service\PaginationServiceTest" classname="App.Tests.Service.PaginationServiceTest" assertions="2" time="0.000038"/>
        <testcase name="testPaginateArrayPartialLastPage" file="/home/nicolas/maison-de-lepouvante/back/tests/Service/PaginationServiceTest.php" line="106" class="App\Tests\Service\PaginationServiceTest" classname="App.Tests.Service.PaginationServiceTest" assertions="3" time="0.000034"/>
        <testcase name="testPaginateArrayBeyondLastPage" file="/home/nicolas/maison-de-lepouvante/back/tests/Service/PaginationServiceTest.php" line="117" class="App\Tests\Service\PaginationServiceTest" classname="App.Tests.Service.PaginationServiceTest" assertions="2" time="0.000034"/>
        <testcase name="testPaginateArrayMinItemsPerPage" file="/home/nicolas/maison-de-lepouvante/back/tests/Service/PaginationServiceTest.php" line="127" class="App\Tests\Service\PaginationServiceTest" classname="App.Tests.Service.PaginationServiceTest" assertions="2" time="0.008604"/>
      </testsuite>
    </testsuite>
  </testsuite>
</testsuites>
